> review

review
Review one subject

Inputs
  subject (command tail)
  notes (prompt)

Result
  receipt

Plan
  level pipeline; size 3; ask nodes 2
  2..2 request occurrences; 1 path
  pins: deep
  run facts: run.engine

Capabilities
  consult 1; observe 1; effect 0
  effectful: no; tool execution: no

Enter configures this workflow.
